---
source: tests/profile_snapshot.rs
expression: "&profile"
---
version: "1.0"
profiled_at: "[normalized]"
source_hash: "sha256:7d064768a5e04e6382001d88fd7b821dec6a512e4b07cc85f25226debcb12093"
seedgen_version: "[normalized]"
options:
  cardinality_threshold: 50
tables:
  comments:
    row_count: 50
    parent_ratios:
      posts:
        column: post_id
        avg: 1.4705882352941178
        min: 1
        max: 4
        median: 1
        stddev: 0.787604504567472
        percentiles:
          p25: 1
          p50: 1
          p75: 2
          p95: 3
          p99: 3.67
        zero_count: 16
        zero_rate: 32
      users:
        column: user_id
        avg: 1.6129032258064515
        min: 1
        max: 4
        median: 1
        stddev: 0.8436989729691791
        percentiles:
          p25: 1
          p50: 1
          p75: 2
          p95: 3
          p99: 3.7
        zero_count: 19
        zero_rate: 38
    columns:
      content:
        type: categorical
        distribution:
          Accusantium rerum incididunt aliqua deserunt aperiam anim fugiat irure. Cupidatat architecto doloremque magna occaecat eiusmod rerum amet esse incididunt anim rerum. Magna pariatur elit rerum sit. Culpa laborum cillum proident lorem sunt ullamco magna. Cupidatat adipiscing commodo ex veniam consectetur enim fugiat rerum.: 2
          Aperiam adipiscing nostrud culpa commodo proident elit cupidatat reprehenderit. Ullamco commodo consectetur natus tempor velit pariatur consectetur labore quis aliquip.: 2
          Aute lorem consectetur incididunt consectetur velit ex veritatis. Aute beatae adipiscing sunt cillum veniam cupidatat tempor amet culpa culpa voluptas.: 2
          Beatae aliquip exercitation commodo deserunt vitae eiusmod ipsum beatae aliqua duis. Dolor laborum qui ullamco reprehenderit sit lorem sunt duis fugiat. Doloremque dolor consequat lorem aute rerum sed. Accusantium nulla voluptas nostrud labore sint proident. Aliqua commodo veniam lorem laboris voluptate beatae.: 2
          Beatae nostrud rerum quasi beatae nulla. Aliquip laborum voluptas irure anim vitae sint. Nulla aute excepteur eiusmod non voluptas.: 2
          Commodo magna doloremque excepteur cupidatat mollit culpa aliquip inventore anim exercitation doloremque. Vitae labore deserunt cillum sit incididunt voluptas sint cillum doloremque enim.: 2
          Consequat lorem totam inventore sit voluptate deserunt. Incididunt magna mollit culpa veritatis rerum totam aperiam. Dolore amet enim lorem rerum consectetur enim pariatur totam ullamco aliquip. Minim vitae sint est dolore consequat sunt ipsum. Fugiat aperiam veniam inventore aliquip.: 2
          Consequat totam irure ullamco cupidatat laboris occaecat laborum quasi nisi. Totam culpa aliquip incididunt officia natus eiusmod cillum. Aute sed doloremque sed culpa eiusmod veritatis.: 2
          Cupidatat sunt rerum vitae sint natus ipsum doloremque. Voluptate mollit pariatur dolor lorem labore do aperiam sint voluptate. Voluptate consequat inventore inventore natus duis quasi excepteur beatae cillum aute esse. Pariatur nostrud dolore ex do.: 2
          Deserunt aliqua mollit ex natus tempor voluptate excepteur occaecat. Velit nisi inventore accusantium voluptate ullamco sit proident. Quasi pariatur nulla nostrud aliqua sunt proident adipiscing veniam ex cupidatat. Nisi accusantium commodo mollit tempor aliqua. Nulla sunt accusantium fugiat dolor quis exercitation laborum lorem reprehenderit laborum.: 2
          Deserunt nulla incididunt quasi culpa lorem beatae. Laboris aute veritatis anim duis nisi. Consequat consectetur laborum consequat quasi.: 2
          Do cupidatat sed qui dolor dolor lorem. Doloremque deserunt consequat consectetur dolor est dolore qui.: 2
          Dolor doloremque lorem velit dolor nostrud doloremque aute occaecat aliqua cillum. Nisi adipiscing culpa adipiscing nostrud vitae quis laboris. Architecto inventore veritatis duis quasi nisi velit pariatur ipsum cillum. Sunt architecto proident voluptas veniam laborum voluptas nisi.: 2
          Dolore enim dolor quasi voluptas reprehenderit quasi aperiam elit. Vitae ex rerum voluptas cupidatat excepteur culpa do nulla velit laborum.: 2
          Doloremque incididunt dolore enim voluptas cupidatat rerum mollit sint. Sit velit fugiat aliquip mollit incididunt voluptas natus excepteur nostrud. Aliquip esse accusantium cillum cupidatat sed voluptas culpa elit. Officia nostrud tempor velit nisi aliqua consectetur excepteur irure exercitation. Irure amet veritatis laboris consectetur reprehenderit magna doloremque.: 2
          Doloremque qui aute sint reprehenderit beatae. Enim commodo velit proident inventore pariatur pariatur esse amet. Vitae consectetur deserunt sint ex adipiscing. Irure nisi accusantium occaecat vitae consequat.: 2
          Doloremque sit deserunt laboris fugiat velit quasi voluptas. Consequat lorem rerum aliqua veritatis aliquip tempor.: 2
          Duis aperiam officia excepteur fugiat veniam laborum officia sint est eiusmod. Mollit velit veritatis duis irure ex nulla minim.: 2
          Duis esse occaecat ullamco vitae fugiat consectetur. Consequat duis dolor enim voluptate qui doloremque.: 2
          Eiusmod est voluptate est vitae natus est natus culpa. Natus sit dolore aute officia.: 2
          Esse nisi dolor proident veniam duis anim quasi laborum ullamco. Non proident doloremque minim pariatur qui quasi enim irure. Culpa veniam ex lorem quasi cillum aliqua aliqua labore. Voluptate laboris voluptas amet aliquip vitae excepteur minim dolore anim minim eiusmod.: 2
          Est adipiscing nulla quasi do architecto cupidatat sit minim consectetur laboris. Aliqua adipiscing laboris voluptas officia quasi qui dolor enim. Irure voluptas labore accusantium architecto nostrud tempor aliquip incididunt sed rerum consequat.: 2
          Ex aliqua sit anim do lorem sit nisi dolor lorem officia. Sunt vitae dolor eiusmod duis ipsum. Ullamco sit irure veniam magna mollit ullamco totam. Fugiat voluptate consequat veritatis officia do.: 2
          Excepteur consectetur sunt amet magna ipsum natus sint voluptas. Accusantium voluptas aute architecto cillum beatae lorem.: 2
          Fugiat minim labore aliqua anim. Anim reprehenderit est occaecat est occaecat adipiscing voluptate qui. Quis sint laborum nulla duis doloremque.: 2
          Incididunt esse vitae minim anim vitae elit sit dolor eiusmod. Reprehenderit minim tempor dolore aliqua consequat cillum culpa. Ullamco accusantium pariatur rerum voluptate vitae beatae exercitation deserunt sunt reprehenderit. Dolore enim laboris ex natus totam duis aperiam veritatis vitae incididunt. Commodo esse vitae pariatur ullamco aute tempor enim velit do mollit.: 2
          Ipsum lorem lorem sed deserunt. Accusantium deserunt anim beatae nisi. Doloremque ullamco non inventore duis ipsum voluptate accusantium. Cillum officia qui mollit sint natus esse est nisi inventore deserunt beatae. Deserunt architecto ullamco aperiam quasi voluptas dolor anim pariatur ipsum adipiscing mollit.: 2
          Ipsum sunt aliquip pariatur mollit laboris officia dolor officia. Laboris est voluptas officia lorem nostrud do eiusmod aliqua.: 2
          Labore quis rerum consectetur minim sed. Aperiam adipiscing qui doloremque occaecat deserunt cupidatat. Non dolor non dolore aliqua consequat excepteur nulla deserunt lorem. Sint aliqua cupidatat eiusmod veniam. Occaecat consequat natus non consequat.: 2
          Laboris mollit commodo veniam veritatis quis ipsum natus architecto sunt consectetur. Irure rerum mollit amet velit est do rerum incididunt. Sit mollit adipiscing incididunt pariatur. Labore consectetur laboris ullamco excepteur.: 2
          Natus vitae aliqua quis lorem. Minim amet cupidatat quasi deserunt lorem. Elit occaecat elit nisi ex ullamco consectetur. Ullamco fugiat sit consequat non.: 2
          Nostrud cillum excepteur eiusmod est architecto inventore labore. Laborum tempor officia veritatis consectetur inventore adipiscing.: 2
          Nulla consequat sunt rerum non est. Est qui lorem mollit officia voluptas tempor proident voluptate sint.: 2
          Nulla incididunt inventore ipsum pariatur sit lorem nisi nisi. Beatae doloremque aute mollit nulla est cillum sint enim. Irure non nostrud quasi exercitation aliquip cupidatat irure culpa vitae adipiscing. Magna totam accusantium sit enim aperiam. Do reprehenderit labore sint commodo consectetur beatae ipsum voluptas incididunt labore.: 2
          Officia amet reprehenderit enim irure totam fugiat dolore quis inventore. Velit aperiam sunt rerum cupidatat quasi reprehenderit amet consectetur.: 2
          Pariatur ullamco elit deserunt accusantium. Excepteur ullamco natus reprehenderit laborum culpa anim velit esse anim eiusmod occaecat. Inventore aliquip sit sit consectetur labore.: 2
          Proident do sed inventore non culpa cupidatat est elit nulla culpa. Excepteur nulla occaecat natus eiusmod ex adipiscing voluptate cupidatat sint irure sed. Aliqua tempor dolor cupidatat amet consectetur fugiat anim.: 2
          Qui reprehenderit ex cillum enim pariatur sed lorem adipiscing. Cupidatat reprehenderit doloremque esse reprehenderit.: 2
          Reprehenderit quis cupidatat enim veniam. Eiusmod excepteur vitae rerum laboris inventore tempor culpa. Magna aliqua enim incididunt esse nostrud inventore voluptate sed enim duis natus. Laboris doloremque cupidatat sint irure voluptate voluptate sint sed nisi ipsum sed.: 2
          Sed proident enim voluptas sit minim ex irure rerum. Veritatis fugiat culpa labore quis sit. Voluptate aliqua consequat beatae cupidatat accusantium cupidatat laboris cillum cillum inventore eiusmod. Sint voluptas officia qui vitae. Aliquip labore consectetur lorem reprehenderit sint reprehenderit elit.: 2
          Sed sed quis elit tempor tempor occaecat nulla adipiscing ullamco. Natus voluptas esse irure deserunt amet. Anim beatae tempor natus inventore proident sed adipiscing.: 2
          Sit fugiat aperiam veniam incididunt proident vitae officia. Sit est aliqua magna doloremque vitae. Enim qui amet duis magna commodo aperiam veniam sint. Officia voluptas enim laboris enim quasi fugiat mollit veniam tempor. Ipsum consequat est accusantium consequat voluptas do totam.: 2
          Sit fugiat quis amet sunt. Ipsum officia adipiscing vitae irure ipsum incididunt eiusmod consequat. Doloremque accusantium sit quasi sed magna commodo non fugiat non. Natus anim eiusmod anim veniam pariatur duis sint minim mollit inventore.: 2
          Sit incididunt magna quasi lorem. Est beatae eiusmod adipiscing adipiscing amet sed do natus doloremque.: 2
          Tempor totam eiusmod adipiscing totam exercitation. Dolor quis aliqua aliquip occaecat laboris cillum. Natus aliqua sunt amet architecto labore est occaecat irure inventore accusantium. Qui beatae dolor do laborum. Aperiam ullamco exercitation magna inventore do accusantium velit adipiscing consectetur voluptate dolore.: 2
          Totam do officia do ex inventore magna. Officia voluptate aliquip quis natus sint anim magna lorem dolore.: 2
          Ullamco reprehenderit minim inventore vitae dolore quasi irure totam consectetur enim vitae. Ipsum vitae reprehenderit sint ex veritatis minim vitae doloremque.: 2
          Ullamco veniam exercitation dolor consequat nulla totam irure veniam lorem do labore. Ex duis quasi accusantium nulla tempor nostrud accusantium.: 2
          Velit deserunt accusantium deserunt minim minim. Veniam laborum rerum velit enim ullamco cillum elit.: 2
          Voluptas totam inventore duis quis elit ullamco aliqua aperiam minim. Exercitation officia fugiat quis magna occaecat. Totam rerum vitae sunt sit eiusmod mollit. Exercitation nulla accusantium deserunt reprehenderit nostrud veniam.: 2
        null_rate: 0
      created_at:
        type: timestamp
        range:
          - "2024-01-23 01:39:07"
          - "2025-12-15 10:12:37"
        null_rate: 0
        weekday_ratio: 66
        hourly_density:
          1: 6
          2: 2
          3: 4
          4: 6
          5: 4
          6: 4
          7: 6
          8: 4
          9: 6
          10: 10
          12: 2
          13: 2
          14: 4
          15: 2
          16: 8
          17: 4
          18: 6
          19: 4
          20: 10
          21: 2
          22: 2
          23: 2
        monthly_density:
          2024-01: 1
          2024-02: 3
          2024-03: 2
          2024-04: 2
          2024-05: 2
          2024-06: 4
          2024-07: 3
          2024-08: 3
          2024-09: 3
          2024-10: 5
          2025-01: 3
          2025-02: 5
          2025-03: 3
          2025-04: 1
          2025-06: 2
          2025-08: 2
          2025-09: 1
          2025-10: 2
          2025-11: 2
          2025-12: 1
      id:
        type: serial
  posts:
    row_count: 50
    parent_ratios:
      users:
        column: user_id
        avg: 1.5625
        min: 1
        max: 4
        median: 1
        stddev: 0.759350316537635
        percentiles:
          p25: 1
          p50: 1
          p75: 2
          p95: 3
          p99: 3.69
        zero_count: 18
        zero_rate: 36
    columns:
      body:
        type: categorical
        distribution:
          Accusantium sit voluptate consequat laborum sed deserunt. Reprehenderit aliqua architecto enim totam excepteur labore voluptate nisi anim. Dolor duis nulla accusantium voluptate officia sint dolore tempor. Enim totam deserunt ipsum irure laboris sed. Do excepteur pariatur incididunt esse est.: 2
          Adipiscing labore ipsum excepteur esse enim beatae excepteur qui. Incididunt occaecat incididunt incididunt amet veniam dolor. Inventore deserunt quis culpa quis beatae.: 2
          Aliqua ex est incididunt aperiam sed est sit quasi vitae non. Commodo ipsum non incididunt minim consectetur aperiam. Veritatis est incididunt officia aliqua consectetur. Veniam enim veniam incididunt sunt.: 2
          Aliquip nulla beatae incididunt est amet laborum culpa. Eiusmod quis officia laboris veritatis occaecat non anim cupidatat reprehenderit pariatur magna. Vitae enim duis aliquip sit irure. Sed tempor anim labore reprehenderit ex aliqua sint aperiam laborum consectetur. Labore rerum veritatis magna consectetur sit quis beatae amet nostrud eiusmod incididunt.: 2
          Aliquip totam aperiam sit occaecat aperiam. Pariatur minim rerum inventore ullamco duis dolore laborum commodo. Ex excepteur est consectetur eiusmod. Veritatis laboris non laboris consectetur culpa proident ullamco veniam.: 2
          Amet inventore qui enim eiusmod anim accusantium aperiam non. Fugiat esse deserunt excepteur minim anim officia do exercitation dolore adipiscing velit. Elit veritatis labore beatae exercitation sunt elit. Sed totam natus ullamco lorem aliqua laborum sed velit exercitation.: 2
          Anim aliqua incididunt ex consequat. Esse deserunt sed aperiam voluptate quasi sunt esse natus incididunt. Sed incididunt voluptate irure quis. Sint ipsum dolore ex aperiam culpa consequat elit. Commodo dolore aliquip rerum doloremque.: 2
          Anim beatae magna sed lorem sit pariatur adipiscing sunt pariatur. Aliquip rerum est cupidatat sint.: 2
          Aperiam elit sit natus occaecat aute laboris commodo. Pariatur adipiscing reprehenderit nulla laborum architecto doloremque ipsum laborum anim incididunt. Dolore commodo culpa vitae mollit consectetur. Esse adipiscing natus qui incididunt. Velit do velit commodo est ipsum.: 2
          Cillum amet rerum reprehenderit fugiat deserunt. Vitae quasi magna magna ipsum velit velit eiusmod nulla. Lorem aperiam laboris aliqua inventore pariatur consequat laboris aliquip laboris consectetur. Rerum dolore accusantium vitae tempor cillum. Laborum minim cupidatat inventore inventore magna.: 2
          Cillum sed qui dolor pariatur vitae lorem aliqua amet pariatur nulla. Consequat irure dolore tempor dolore consectetur sunt amet ipsum architecto veritatis rerum. Laboris irure non amet esse quasi vitae aperiam nisi anim eiusmod. Esse aliquip laboris totam inventore quis commodo cillum fugiat velit.: 2
          Consectetur labore commodo dolore pariatur dolor eiusmod labore consequat officia excepteur. Accusantium accusantium minim exercitation duis. Sunt accusantium laborum aliquip officia aperiam inventore officia consectetur. Doloremque incididunt voluptas anim dolore.: 2
          Consectetur natus do quis pariatur commodo. Tempor labore commodo laboris occaecat. Esse doloremque magna ipsum quis veritatis ex lorem architecto excepteur. Proident non do ullamco reprehenderit excepteur. Veniam totam incididunt irure architecto sint excepteur quasi labore tempor.: 2
          Cupidatat ex laboris aute adipiscing incididunt quis rerum labore cupidatat natus. Veniam enim dolore sed quasi tempor do. Laborum officia dolor sint deserunt elit. Culpa ullamco beatae quis rerum laborum aperiam laboris fugiat beatae. Accusantium doloremque officia quis accusantium.: 2
          Deserunt duis magna aperiam sint laboris occaecat consequat. Totam tempor pariatur nisi officia culpa adipiscing voluptas exercitation commodo duis enim. Do accusantium aliquip architecto veniam aliquip nulla.: 2
          Deserunt pariatur mollit amet laborum doloremque. Incididunt accusantium proident veniam natus dolor nulla voluptas. Lorem vitae duis aliqua commodo deserunt cupidatat sed. Commodo qui dolore quasi pariatur do ullamco consectetur exercitation. Fugiat veniam vitae architecto nulla natus.: 2
          Do reprehenderit veritatis ullamco sunt velit. Cupidatat laborum nisi quis commodo nisi totam cillum quasi non doloremque dolore. Nisi sed sit cupidatat sit aliqua est esse ex consequat. Anim veritatis rerum minim minim. Mollit ipsum accusantium voluptas vitae mollit natus quis.: 2
          Dolor velit natus sed rerum quis excepteur. Excepteur laboris exercitation vitae duis aperiam magna do. Reprehenderit aliqua esse nulla labore officia do proident aperiam. Exercitation esse non eiusmod commodo beatae nulla cupidatat fugiat adipiscing enim. Irure quis inventore proident nostrud duis commodo consectetur eiusmod.: 2
          Doloremque voluptate do proident lorem. Consequat laborum aperiam amet nostrud velit reprehenderit. Reprehenderit eiusmod inventore excepteur reprehenderit.: 2
          Eiusmod commodo quasi ullamco quis accusantium. Est nisi minim ex laborum. Consequat nulla ex velit sint veritatis magna dolore commodo beatae. Magna quasi sunt mollit quis culpa incididunt velit ipsum accusantium quasi.: 2
          Elit nulla vitae cupidatat laboris irure officia sit consectetur fugiat veritatis nisi. Anim adipiscing doloremque sed sunt do est cillum.: 2
          Esse architecto officia aliquip non voluptate est. Doloremque occaecat reprehenderit excepteur amet sed inventore doloremque accusantium. Anim doloremque eiusmod deserunt ex do laborum architecto occaecat velit sint. Quasi cupidatat sint ullamco sed aperiam enim minim natus vitae.: 2
          Esse beatae rerum accusantium qui. Dolor incididunt aute lorem labore aliqua cillum consequat quis lorem qui enim. Cillum consequat reprehenderit consequat nulla. Dolor labore rerum amet incididunt aliquip occaecat occaecat rerum.: 2
          Excepteur eiusmod voluptas nostrud exercitation veniam tempor incididunt quasi minim consequat. Minim minim non commodo totam aute voluptate do sit proident commodo. Accusantium natus consequat aute voluptas aperiam beatae duis consequat.: 2
          Excepteur ipsum laborum amet veniam quasi accusantium. Exercitation esse architecto proident accusantium labore. Qui incididunt officia excepteur dolore incididunt ex officia inventore pariatur. Enim nostrud esse laborum nisi.: 2
          Fugiat consequat beatae rerum nulla consequat. Ipsum anim laborum occaecat nisi rerum commodo proident irure laboris esse occaecat. Consequat laborum veritatis ex commodo doloremque aliquip.: 2
          Fugiat do commodo dolore architecto officia enim aperiam. Quasi do sed cillum cupidatat proident lorem incididunt rerum. Aperiam qui sed tempor aute vitae aute deserunt sint. Dolor totam est pariatur voluptas doloremque. Amet adipiscing beatae aliquip inventore velit irure veritatis laboris lorem magna.: 2
          Fugiat sint pariatur do sed adipiscing non veniam consequat. Irure rerum sit sit sunt mollit occaecat aliqua sit cillum. Duis aliquip laborum aliqua commodo eiusmod consequat occaecat. Exercitation ullamco minim velit culpa inventore veritatis cupidatat ipsum.: 2
          Irure non beatae nulla veritatis sint non. Commodo fugiat magna doloremque aliqua sit nulla minim beatae pariatur ullamco. Dolor laboris voluptate officia consequat voluptate. Cupidatat cillum totam vitae veniam sunt incididunt qui.: 2
          Irure qui totam est dolor sint qui cupidatat. Laboris est sint ipsum amet mollit. Est anim elit occaecat laboris occaecat velit veniam aute pariatur. Tempor dolor cillum laborum cupidatat.: 2
          Labore elit aute dolore qui amet laboris veniam qui aute voluptas deserunt. Fugiat commodo totam sit deserunt. Sit architecto consequat nostrud enim sed proident qui veritatis deserunt labore. Accusantium eiusmod vitae cupidatat eiusmod tempor velit exercitation quasi laboris ex. Labore cupidatat fugiat cillum beatae natus fugiat laborum amet quis occaecat.: 2
          Labore nulla architecto qui excepteur architecto inventore ipsum enim voluptas officia. Anim est beatae qui nulla cupidatat consectetur nisi. Mollit irure dolor aperiam aute. Consequat anim ipsum rerum reprehenderit incididunt fugiat sint ipsum officia labore ex. Reprehenderit magna deserunt laborum architecto fugiat ipsum eiusmod do reprehenderit pariatur.: 2
          Labore qui do adipiscing do consectetur consectetur dolor est fugiat. Aliquip dolore inventore commodo deserunt quis vitae consequat officia. Aliquip tempor culpa aperiam lorem. Quis voluptas voluptate est nisi inventore do labore culpa. Non laboris veritatis dolor officia minim irure sit veritatis dolore.: 2
          Lorem cillum quis anim proident elit veniam voluptate totam sed commodo ex. Duis proident officia pariatur dolore fugiat ex velit do labore sunt.: 2
          Mollit exercitation adipiscing excepteur laboris dolore totam pariatur irure natus qui labore. Totam non laborum occaecat pariatur beatae. Rerum ullamco culpa elit aliqua inventore. Dolor laborum officia qui excepteur fugiat laborum voluptas inventore inventore aliquip. Accusantium cupidatat voluptate labore accusantium accusantium accusantium irure nostrud nisi.: 2
          Non irure elit ullamco incididunt eiusmod cupidatat consectetur dolor culpa elit ipsum. Inventore doloremque vitae culpa sunt reprehenderit. Proident sit est dolore aliquip aliqua sint incididunt.: 2
          Nostrud doloremque inventore laborum totam consequat sit est anim. Labore voluptas minim esse cillum esse magna laboris. Tempor ex nisi laborum exercitation aliquip.: 2
          Occaecat pariatur cillum lorem reprehenderit dolor inventore dolore. Consectetur qui labore minim sunt nisi mollit proident esse incididunt deserunt. Officia sit amet sit nostrud cillum irure aliquip ullamco consectetur laboris. Nulla do reprehenderit consectetur ex veritatis. Beatae pariatur mollit reprehenderit consequat eiusmod amet labore aliquip tempor accusantium quasi.: 2
          Officia doloremque esse lorem adipiscing. Architecto elit vitae quasi sunt exercitation beatae proident anim rerum quasi.: 2
          Quis enim accusantium adipiscing proident vitae amet lorem mollit minim. Sunt qui incididunt do officia proident tempor laborum doloremque lorem.: 2
          Reprehenderit lorem enim rerum officia laboris adipiscing sit irure enim duis quasi. Vitae cillum officia nulla duis reprehenderit adipiscing sed sed enim est dolore. Ipsum labore non non adipiscing accusantium esse elit esse veniam non.: 2
          Reprehenderit quis totam elit velit consequat do. Voluptate inventore culpa consectetur est nostrud eiusmod. Anim eiusmod veritatis non veritatis architecto voluptas sint. Ipsum sunt amet ex culpa voluptate aperiam excepteur amet aliquip amet.: 2
          Reprehenderit rerum veniam architecto sunt voluptate lorem esse. Amet culpa inventore veritatis commodo sint ex cillum non. Qui natus qui inventore voluptas natus doloremque. Consectetur ullamco cupidatat voluptate rerum nulla inventore est.: 2
          Sed ullamco incididunt proident laboris veniam. Nostrud fugiat beatae cupidatat anim amet vitae magna non laborum. Totam sunt voluptate dolore non do sit minim doloremque fugiat aute enim. Mollit ex veritatis duis cillum nostrud lorem velit eiusmod enim. Nulla ipsum nisi reprehenderit sint accusantium.: 2
          Sit nulla voluptate tempor consectetur nostrud deserunt officia quis lorem sunt voluptate. Dolore sunt fugiat deserunt voluptas doloremque voluptas. Commodo sit mollit rerum officia elit eiusmod reprehenderit eiusmod dolore.: 2
          Tempor sit aute officia ipsum enim deserunt mollit mollit duis. Labore velit velit fugiat elit.: 2
          Velit ipsum architecto voluptas nostrud proident aliqua. Ipsum veniam labore lorem amet veritatis anim.: 2
          Veniam ipsum laboris sunt amet commodo proident sint quis voluptate sunt commodo. Duis aliquip aute fugiat natus reprehenderit dolor sint. Aliqua elit reprehenderit accusantium do.: 2
          Veritatis magna dolor nisi qui cupidatat aute rerum consectetur consequat. Mollit sit sed minim mollit sit doloremque voluptas est consectetur laborum.: 2
          Voluptas ex consequat exercitation fugiat incididunt non exercitation qui commodo dolore. Ipsum amet officia dolore mollit voluptate sunt laborum laborum vitae quasi. Dolor dolore exercitation accusantium aperiam dolore aliqua aperiam enim veniam consectetur. Nulla amet qui consectetur vitae beatae magna.: 2
        null_rate: 0
      id:
        type: serial
      published_at:
        type: timestamp
        range:
          - "2024-01-06 11:51:52"
          - "2025-12-02 06:52:01"
        null_rate: 0
        weekday_ratio: 58
        hourly_density:
          0: 12
          1: 4
          3: 2
          4: 6
          5: 2
          6: 6
          7: 2
          8: 6
          9: 2
          11: 4
          12: 2
          13: 2
          14: 4
          15: 2
          16: 2
          17: 10
          18: 6
          19: 4
          20: 10
          21: 2
          22: 6
          23: 4
        monthly_density:
          2024-01: 4
          2024-02: 1
          2024-03: 1
          2024-04: 2
          2024-05: 3
          2024-06: 1
          2024-07: 2
          2024-08: 1
          2024-09: 2
          2024-10: 1
          2024-12: 3
          2025-01: 3
          2025-02: 3
          2025-03: 3
          2025-04: 2
          2025-05: 3
          2025-06: 2
          2025-07: 1
          2025-08: 1
          2025-09: 3
          2025-10: 3
          2025-11: 4
          2025-12: 1
      slug:
        type: categorical
        distribution:
          accusantium-labore-enim: 2
          aliqua-quis-qui: 2
          anim-amet-irure: 2
          architecto-doloremque-proident: 2
          aute-enim-inventore: 2
          commodo-beatae-occaecat: 2
          commodo-dolor-lorem: 2
          commodo-pariatur-minim: 2
          commodo-quis-nostrud: 2
          culpa-excepteur-qui: 2
          cupidatat-cillum-culpa: 2
          deserunt-dolore-vitae: 2
          dolore-consectetur-aliquip: 2
          doloremque-qui-proident: 2
          elit-adipiscing-incididunt: 2
          esse-adipiscing-culpa: 2
          esse-aliqua-elit: 2
          esse-anim-accusantium: 2
          ex-aperiam-pariatur: 2
          ex-doloremque-nisi: 2
          excepteur-commodo-elit: 2
          inventore-aute-sunt: 2
          labore-elit-do: 2
          labore-sit-proident: 2
          laboris-consectetur-nisi: 2
          laboris-irure-aliquip: 2
          magna-amet-ex: 2
          magna-vitae-incididunt: 2
          minim-natus-occaecat: 2
          mollit-reprehenderit-officia: 2
          nostrud-elit-dolore: 2
          nulla-dolore-do: 2
          occaecat-qui-aperiam: 2
          occaecat-quis-quis: 2
          pariatur-amet-commodo: 2
          pariatur-aute-sint: 2
          pariatur-consectetur-inventore: 2
          proident-architecto-lorem: 2
          proident-duis-commodo: 2
          quis-dolor-voluptate: 2
          quis-tempor-culpa: 2
          quis-velit-reprehenderit: 2
          sed-do-exercitation: 2
          sint-consequat-exercitation: 2
          sit-consectetur-irure: 2
          tempor-sit-dolor: 2
          veritatis-occaecat-ipsum: 2
          vitae-minim-laboris: 2
          vitae-quasi-ipsum: 2
          voluptas-inventore-anim: 2
        null_rate: 0
      title:
        type: categorical
        distribution:
          Accusantium do accusantium consectetur cupidatat lorem anim nisi sunt nisi rerum.: 2
          Adipiscing mollit non do inventore pariatur occaecat labore.: 2
          Aliqua fugiat aliqua nostrud rerum consectetur ipsum.: 2
          Aliqua tempor esse quasi est.: 2
          Aliquip dolore adipiscing architecto nisi pariatur magna sed.: 2
          Amet adipiscing laborum nostrud pariatur proident.: 2
          Amet qui veritatis consectetur quasi voluptate inventore veniam tempor.: 2
          Anim velit duis rerum irure amet doloremque dolore laboris.: 2
          Beatae consequat doloremque pariatur nulla duis vitae enim commodo voluptate laborum totam.: 2
          Commodo laboris cillum mollit elit doloremque amet sunt.: 2
          Consectetur aperiam culpa lorem commodo minim.: 2
          Consectetur eiusmod amet cupidatat consectetur cillum non accusantium.: 2
          Consequat esse magna lorem minim aperiam lorem nulla voluptas.: 2
          Culpa voluptas doloremque reprehenderit sunt deserunt deserunt incididunt aliquip natus dolore.: 2
          Deserunt pariatur sint doloremque fugiat fugiat mollit cupidatat lorem.: 2
          Dolor occaecat sunt anim accusantium vitae mollit.: 2
          Dolor vitae exercitation est dolore doloremque architecto minim veniam minim ipsum.: 2
          Elit incididunt nulla ex eiusmod lorem vitae rerum.: 2
          Esse velit cillum beatae voluptas esse.: 2
          Ex mollit aperiam totam excepteur nulla rerum ex deserunt deserunt.: 2
          Ex non proident commodo vitae.: 2
          Excepteur aliqua beatae sunt rerum natus ullamco natus.: 2
          Excepteur dolore tempor aperiam dolore.: 2
          Fugiat beatae aperiam irure aliqua aliquip.: 2
          Irure lorem vitae sed vitae quis ullamco inventore quasi officia laborum eiusmod.: 2
          Labore aperiam enim mollit nulla eiusmod magna.: 2
          Laboris consequat exercitation occaecat amet velit elit enim fugiat consectetur.: 2
          Magna esse reprehenderit duis deserunt doloremque cillum aperiam occaecat laborum consequat laboris.: 2
          Minim tempor aliquip nisi aliqua excepteur sit quasi laborum voluptate pariatur officia.: 2
          Mollit dolore voluptas beatae eiusmod cillum cillum dolore dolore.: 2
          Mollit excepteur duis cupidatat voluptate dolor voluptas eiusmod lorem laboris.: 2
          Mollit veritatis magna occaecat reprehenderit sint esse aute.: 2
          Natus veniam aliquip totam nostrud inventore irure.: 2
          Nisi nulla aute voluptate labore natus.: 2
          Non culpa duis nulla do.: 2
          Non duis aperiam voluptas aliquip aperiam sed exercitation.: 2
          Non pariatur sunt minim aliqua do sed dolore proident sint.: 2
          Non proident eiusmod est ex.: 2
          Occaecat qui veritatis dolore excepteur sint voluptas aperiam cupidatat sint qui.: 2
          Pariatur sed natus esse reprehenderit voluptas nisi natus veritatis aperiam dolore.: 2
          Proident veritatis eiusmod beatae culpa magna sit.: 2
          Quasi labore fugiat laborum voluptate inventore aperiam veniam totam est.: 2
          Quis ullamco doloremque occaecat anim.: 2
          Rerum anim veritatis natus tempor veniam sit qui magna sed.: 2
          Sed pariatur quasi sunt dolore elit cupidatat adipiscing adipiscing.: 2
          Sunt incididunt deserunt consequat exercitation officia esse est excepteur.: 2
          Tempor nulla veniam tempor reprehenderit tempor.: 2
          Veniam inventore rerum excepteur veniam dolor amet aute nisi.: 2
          Veritatis nostrud consectetur sit laboris esse cupidatat magna.: 2
          Voluptas tempor do consectetur fugiat tempor mollit labore architecto inventore.: 2
        null_rate: 0
  users:
    row_count: 50
    columns:
      bio:
        type: categorical
        distribution:
          Anim aliqua aperiam architecto officia incididunt consectetur exercitation culpa consectetur minim. Proident sunt proident magna culpa consequat amet non anim natus aute. Do aute doloremque dolor incididunt aliqua.: 2
          Anim duis excepteur ex excepteur eiusmod labore nostrud. Enim aliqua non magna lorem sunt.: 2
          Anim qui lorem aute tempor non sunt aliquip dolore quis dolor. Inventore veritatis eiusmod cupidatat nulla voluptas rerum. Labore pariatur natus minim amet culpa vitae mollit nisi mollit elit. Pariatur aliquip ex exercitation voluptas veritatis. Reprehenderit cupidatat cillum magna voluptas inventore ipsum ullamco.: 2
          Architecto cillum minim fugiat officia aute nostrud sed anim aliqua accusantium. Velit pariatur amet vitae labore. Non non vitae aute sint quis. Ipsum fugiat accusantium totam anim culpa beatae veniam architecto fugiat eiusmod exercitation.: 2
          Aute sed laborum tempor doloremque esse ipsum aliquip ipsum voluptate. Inventore enim sint aliqua non voluptas aperiam commodo. Ipsum veritatis ullamco deserunt incididunt aliquip beatae incididunt nulla aliqua nostrud aliquip. Aliqua veritatis excepteur sunt sunt adipiscing est. Tempor anim accusantium nulla reprehenderit sint.: 2
          Beatae minim exercitation laboris anim. Elit non commodo minim adipiscing reprehenderit ex elit incididunt duis. Duis excepteur labore accusantium reprehenderit aliquip amet. Nulla doloremque lorem beatae anim.: 2
          Cillum aliqua adipiscing ex quis aute officia irure beatae cillum vitae. Irure fugiat sit duis irure rerum ullamco. Irure tempor dolor cillum proident cupidatat. Magna quasi cillum fugiat adipiscing amet voluptas rerum adipiscing doloremque exercitation.: 2
          Cillum laborum dolore rerum natus qui veritatis beatae. Quasi elit cupidatat quis do do. Accusantium nulla exercitation culpa nisi reprehenderit. Qui aperiam labore natus enim tempor labore velit quasi aute duis.: 2
          Commodo accusantium veritatis excepteur labore minim minim inventore. Commodo excepteur pariatur quis vitae aliqua tempor. Labore do elit magna anim consectetur elit beatae. Aliqua aliqua exercitation amet quis doloremque est. Sed labore dolor irure amet veritatis.: 2
          Do ipsum eiusmod incididunt quis. Nisi dolore do non inventore non non veniam.: 2
          Do magna do aliqua accusantium inventore esse quis laborum. Culpa ex consectetur pariatur quis natus architecto aute excepteur beatae consectetur.: 2
          Dolor architecto laborum incididunt culpa doloremque culpa excepteur cillum doloremque. Consequat velit aliquip amet magna sunt veniam. Culpa ipsum dolor incididunt totam ullamco enim enim. Tempor officia commodo sit eiusmod amet.: 2
          Dolor exercitation aliquip enim sunt incididunt elit. Reprehenderit esse proident nostrud nulla doloremque irure culpa magna proident beatae doloremque. Excepteur officia sint fugiat sint architecto enim. Anim est enim ex ex minim sit.: 2
          Dolor labore occaecat voluptate excepteur pariatur rerum cillum. Ex consequat voluptate proident rerum occaecat. Enim voluptas lorem sed veniam dolor veritatis labore architecto excepteur qui voluptate. Rerum aliquip sit excepteur aperiam ex enim incididunt. Dolore aperiam reprehenderit do incididunt dolore aliqua cupidatat consectetur anim dolore.: 2
          Dolore commodo reprehenderit lorem qui. Laborum do accusantium adipiscing mollit aperiam esse aliqua. Inventore reprehenderit non aperiam commodo qui doloremque sit nisi voluptas proident irure.: 2
          Dolore minim ipsum consectetur commodo. Eiusmod tempor aliquip est mollit non. Mollit consequat esse elit officia labore velit consectetur dolore laborum. Officia occaecat deserunt irure excepteur inventore sint.: 2
          Dolore tempor fugiat sint occaecat esse doloremque. Occaecat accusantium nostrud veniam enim exercitation enim beatae. Voluptate excepteur vitae quasi adipiscing. Nostrud exercitation reprehenderit elit sunt reprehenderit eiusmod accusantium adipiscing est. Consequat cillum veritatis sed natus laborum minim tempor adipiscing ex.: 2
          Doloremque adipiscing occaecat veniam ex architecto veniam sit. Sint fugiat culpa sit proident enim duis aliquip. Commodo totam labore culpa doloremque minim. Sunt amet aliquip commodo voluptate esse ex.: 2
          Duis exercitation ullamco velit sit reprehenderit nulla sit doloremque doloremque officia. Beatae quis sint do beatae aliqua nulla.: 2
          Duis mollit qui deserunt laborum nulla est. Non aute irure aperiam architecto irure natus. Fugiat qui ex consectetur aperiam duis velit sunt proident. Minim consectetur proident velit fugiat vitae esse totam esse amet est veritatis. Lorem commodo deserunt cupidatat qui aliqua consequat ullamco.: 2
          Eiusmod aute aperiam elit laboris. Adipiscing consectetur beatae sunt labore commodo. Lorem aliqua qui sunt voluptate amet. Aliqua aperiam nulla duis vitae ex.: 2
          Eiusmod laboris consequat non voluptas incididunt dolor cillum rerum laboris totam quis. Laboris esse quis architecto labore. Cupidatat velit incididunt ullamco nulla laborum sunt veritatis. Quasi do aliqua ullamco natus.: 2
          Elit enim velit dolor voluptas laborum duis reprehenderit aliquip nisi aliqua. Consectetur aute natus do duis esse deserunt aperiam consequat veniam. Aute sint accusantium exercitation excepteur laborum excepteur.: 2
          Est quasi consequat exercitation nostrud labore culpa anim sunt anim est. Excepteur enim voluptas laborum dolore magna dolore ullamco ipsum sunt. Nostrud aliquip aute laborum duis consequat nisi tempor anim. Nulla aperiam beatae ex ex inventore quasi aliqua velit inventore incididunt.: 2
          Ex accusantium nostrud do cupidatat sint dolor. Sit magna fugiat nostrud do. Tempor enim veniam aperiam enim laboris. Est reprehenderit veniam magna qui ipsum architecto architecto vitae.: 2
          Fugiat quasi rerum amet laboris veritatis quasi anim non. Labore aliquip culpa duis excepteur ipsum velit proident aute natus. Culpa eiusmod quasi quasi lorem proident. Totam do adipiscing mollit quis sit cupidatat doloremque nulla excepteur ex fugiat.: 2
          Ipsum quasi adipiscing irure eiusmod ex cillum occaecat. Culpa anim nisi enim commodo doloremque do.: 2
          Magna culpa vitae ex duis exercitation rerum. Exercitation amet aute fugiat proident sunt officia dolore. Duis aliquip deserunt deserunt inventore architecto est esse aliqua. Beatae fugiat minim duis doloremque.: 2
          Minim architecto quis ipsum reprehenderit mollit quasi minim quis reprehenderit cupidatat. Do lorem enim minim non excepteur. Enim mollit consequat do adipiscing excepteur doloremque ullamco.: 2
          Mollit cupidatat labore cillum adipiscing exercitation elit natus. Sed enim elit labore vitae duis ullamco natus irure inventore officia.: 2
          Natus labore occaecat laboris proident doloremque velit incididunt quis. Ex do tempor cupidatat esse rerum dolor. Totam cupidatat sit accusantium eiusmod elit occaecat accusantium tempor.: 2
          Natus quis commodo irure vitae. Veniam irure nisi veniam architecto nostrud. Veritatis beatae architecto mollit duis duis veritatis esse rerum ipsum. Proident totam aute enim duis quasi sint aliqua velit aliquip. Doloremque voluptate culpa ipsum esse officia amet non rerum.: 2
          Natus vitae aute veniam cillum rerum totam sunt. Vitae tempor irure culpa consectetur.: 2
          Nisi aliquip cupidatat ipsum veritatis duis non sed reprehenderit. Amet laboris quasi doloremque elit laborum accusantium natus. Commodo occaecat officia aute quasi non aliquip. Incididunt do non proident rerum duis elit ex dolore. Veritatis exercitation dolore lorem duis amet inventore accusantium vitae sed velit anim.: 2
          Non amet labore dolor sint reprehenderit sint voluptas duis. Dolore excepteur doloremque dolore accusantium ipsum officia fugiat nostrud. Sit anim beatae exercitation proident minim consectetur proident commodo. Sed mollit exercitation sunt veniam ex sed consequat doloremque lorem velit lorem.: 2
          Non consectetur officia sunt nisi non velit consectetur ipsum. Lorem anim sit non accusantium esse pariatur vitae nulla consectetur non tempor. Dolore tempor labore anim dolore laborum inventore vitae voluptas.: 2
          Nostrud irure proident deserunt beatae architecto accusantium. Voluptate dolore sint accusantium totam adipiscing ipsum quasi consectetur dolore commodo excepteur.: 2
          Occaecat rerum occaecat duis totam accusantium cillum quis magna minim excepteur. Consequat sit vitae officia minim aute cupidatat quis tempor sit excepteur.: 2
          Pariatur veritatis aliquip laborum mollit officia occaecat qui commodo mollit. Magna irure lorem velit eiusmod magna deserunt sit labore.: 2
          Pariatur veritatis doloremque adipiscing amet sed accusantium dolor labore exercitation. Qui occaecat pariatur amet consectetur anim mollit. Minim minim excepteur anim culpa pariatur irure anim veritatis nostrud anim. Ullamco excepteur aliqua labore laborum doloremque voluptas sunt reprehenderit magna minim.: 2
          Qui excepteur dolore magna eiusmod labore. Ex quasi aperiam accusantium eiusmod architecto. Aperiam eiusmod magna non rerum excepteur natus ullamco. Mollit labore veritatis mollit veritatis fugiat labore sed laborum culpa rerum. Nulla veniam dolore non totam voluptate tempor qui aliquip sed reprehenderit.: 2
          Rerum dolor aute natus adipiscing commodo tempor consequat consequat. Occaecat quis voluptas exercitation eiusmod velit. Nisi qui sed sed aliquip aute rerum accusantium aliquip. Ex sint voluptas irure quis. Eiusmod laborum sint dolore natus doloremque velit voluptas.: 2
          Sed aliquip excepteur proident incididunt proident anim lorem tempor. Fugiat magna ex commodo lorem labore exercitation natus consectetur.: 2
          Sed occaecat elit totam velit laboris accusantium natus consectetur elit totam. Lorem enim velit beatae sit beatae voluptas. Officia irure vitae ex pariatur non do amet nisi. Lorem cillum laboris qui dolor sed dolor magna.: 2
          Sint rerum minim fugiat magna dolor aliquip veritatis qui exercitation do. Labore duis deserunt nisi sint aute. Anim duis fugiat qui laborum labore. Magna non quasi reprehenderit esse deserunt rerum beatae.: 2
          Veniam magna quasi culpa voluptas pariatur architecto commodo officia lorem. Beatae aliquip veniam nostrud qui fugiat ullamco ullamco enim. Aliquip consequat nisi consectetur labore reprehenderit ex excepteur. Sint aperiam aliqua tempor fugiat. Accusantium quis doloremque esse voluptate duis non duis voluptas veniam quasi labore.: 2
          Veritatis eiusmod sunt beatae eiusmod sit adipiscing totam voluptas nostrud sint fugiat. Cillum architecto anim enim reprehenderit officia minim.: 2
          Veritatis occaecat deserunt anim excepteur consectetur ullamco laborum non lorem. Elit quasi deserunt lorem rerum architecto proident ullamco duis quasi voluptas.: 2
          Vitae accusantium architecto consequat architecto quis exercitation vitae voluptas enim nulla nisi. Rerum beatae accusantium elit aliqua do consequat culpa consequat. Nisi est incididunt consequat occaecat laboris. Dolor nostrud deserunt occaecat velit totam excepteur adipiscing cupidatat commodo sit ipsum. Quasi incididunt irure ex exercitation elit pariatur culpa cillum sint.: 2
          Vitae cillum ullamco anim non fugiat enim aute. Minim tempor ullamco architecto labore doloremque voluptas laboris minim deserunt magna.: 2
        null_rate: 0
      created_at:
        type: timestamp
        range:
          - "2024-01-19 22:16:04"
          - "2025-12-31 03:37:05"
        null_rate: 0
        weekday_ratio: 72
        hourly_density:
          0: 6
          1: 4
          3: 4
          4: 6
          5: 6
          6: 4
          8: 6
          9: 2
          10: 6
          12: 8
          13: 4
          14: 2
          15: 8
          16: 4
          17: 2
          18: 6
          19: 4
          20: 8
          21: 6
          22: 4
        monthly_density:
          2024-01: 1
          2024-03: 1
          2024-04: 1
          2024-05: 1
          2024-06: 4
          2024-07: 2
          2024-08: 3
          2024-10: 3
          2024-11: 2
          2024-12: 3
          2025-01: 2
          2025-02: 2
          2025-03: 2
          2025-04: 2
          2025-05: 2
          2025-06: 4
          2025-07: 4
          2025-09: 5
          2025-10: 3
          2025-11: 1
          2025-12: 2
      email:
        type: categorical
        distribution:
          abigail.salazar@gmail.com: 2
          allison.carter@aol.com: 2
          amanda.peterson@fastmail.com: 2
          andrea.smith@msn.com: 2
          angela.roberts@icloud.com: 2
          anthony.harrison@icloud.com: 2
          april.hamilton@tutanota.com: 2
          audrey.rodriguez@fastmail.com: 2
          ava.west@gmail.com: 2
          barbara.simmons@icloud.com: 2
          benjamin.wells@icloud.com: 2
          blake.berry@tutanota.com: 2
          blake.griffin@fastmail.com: 2
          carmen.tucker@duck.com: 2
          cecilia.hunt@fastmail.com: 2
          cheryl.arnold@tutanota.com: 2
          christina.payne@hotmail.com: 2
          cynthia.jackson@tutanota.com: 2
          cynthia.ward@yahoo.com: 2
          daniel.west@gmail.com: 2
          darren.gordon@hey.com: 2
          dean.andrews@protonmail.com: 2
          diego.vasquez@icloud.com: 2
          eleanor.andrews@aol.com: 2
          elizabeth.howard@live.com: 2
          francis.olson@fastmail.com: 2
          gabriela.kim@live.com: 2
          george.miller@outlook.com: 2
          georgia.hunter@mail.com: 2
          hazel.diaz@tutanota.com: 2
          holly.sanders@duck.com: 2
          ian.armstrong@fastmail.com: 2
          ian.cooper@live.com: 2
          ivan.holmes@msn.com: 2
          jack.peterson@outlook.com: 2
          jasper.gordon@yahoo.com: 2
          jean.lane@example.com: 2
          jean.stevens@live.com: 2
          jesse.alvarado@duck.com: 2
          jesus.ray@protonmail.com: 2
          john.myers@mail.com: 2
          johnny.crawford@hotmail.com: 2
          jonathan.mendoza@fastmail.com: 2
          jordan.stevens@protonmail.com: 2
          joy.cole@example.com: 2
          julian.murphy@tutanota.com: 2
          kate.rodriguez@duck.com: 2
          ken.armstrong@aol.com: 2
          kim.castro@duck.com: 2
          kim.cruz@tutanota.com: 2
        null_rate: 0
      id:
        type: serial
      is_active:
        type: boolean
        true_rate: 54
        null_rate: 0
      name:
        type: categorical
        distribution:
          Aaron Russell: 2
          Abigail Rose: 2
          Adam Carter: 2
          Adrian Tucker: 2
          Alan Gonzalez: 2
          Amelia Fernandez: 2
          Amir Silva: 2
          Arthur Watson: 2
          Ashley Graham: 2
          Barbara Jordan: 2
          Brenda Rivera: 2
          Caleb Henry: 2
          Caleb Richardson: 2
          Cameron Carter: 2
          Cheryl Gonzalez: 2
          Cheryl Jones: 2
          Cheryl Nichols: 2
          Cindy Ruiz: 2
          Crystal Castro: 2
          Daisy Simmons: 2
          Darren Gardner: 2
          David Simpson: 2
          Diego Ortiz: 2
          Duncan Weaver: 2
          Dylan Long: 2
          Edward Lee: 2
          Eileen Garcia: 2
          Elijah Gonzales: 2
          Emma Young: 2
          Erica Simpson: 2
          Eugene Riley: 2
          Evan Diaz: 2
          Evelyn Jones: 2
          Fiona Hudson: 2
          Fred Cole: 2
          Gail Vargas: 2
          Gary Vasquez: 2
          George Stewart: 2
          Greg Cook: 2
          Harper Smith: 2
          Isaiah Wells: 2
          Jacqueline Andrews: 2
          Janice Hall: 2
          Jill Fisher: 2
          Jill Scott: 2
          Joanna Wagner: 2
          Jorge Arnold: 2
          Jorge Gordon: 2
          Katelyn Hart: 2
          Kathryn Ortiz: 2
        null_rate: 0
